[{"stream_name":"stderr","time":10.709377662,"data":"0.00s - Debugger warning: It seems that frozen modules are being used, which may\n"}
,{"stream_name":"stderr","time":10.709451652,"data":"0.00s - make the debugger miss breakpoints. Please pass -Xfrozen_modules=off\n"}
,{"stream_name":"stderr","time":10.709456875,"data":"0.00s - to python to disable frozen modules.\n"}
,{"stream_name":"stderr","time":10.709459701,"data":"0.00s - Note: Debugging will proceed. Set PYDEVD_DISABLE_FILE_VALIDATION=1 to disable this validation.\n"}
,{"stream_name":"stderr","time":11.48941479,"data":"0.00s - Debugger warning: It seems that frozen modules are being used, which may\n"}
,{"stream_name":"stderr","time":11.489446782,"data":"0.00s - make the debugger miss breakpoints. Please pass -Xfrozen_modules=off\n"}
,{"stream_name":"stderr","time":11.489450175,"data":"0.00s - to python to disable frozen modules.\n"}
,{"stream_name":"stderr","time":11.489452785,"data":"0.00s - Note: Debugging will proceed. Set PYDEVD_DISABLE_FILE_VALIDATION=1 to disable this validation.\n"}
,{"stream_name":"stdout","time":16.652617226,"data":"\u001b[?25l   \u001b[90m„ª„ª„ª„ª„ª„ª„ª„ª„ª„ª„ª„ª„ª„ª„ª„ª„ª„ª„ª„ª„ª„ª„ª„ª„ª„ª„ª„ª„ª„ª„ª„ª„ª„ª„ª„ª„ª„ª„ª„ª\u001b[0m \u001b[32m0.0/412.0 kB\u001b[0m \u001b[31m?\u001b[0m eta \u001b[36m-:--:--\u001b[0m\r\u001b[2K   \u001b[90m„ª„ª„ª„ª„ª„ª„ª„ª„ª„ª„ª„ª„ª„ª„ª„ª„ª„ª„ª„ª„ª„ª„ª„ª„ª„ª„ª„ª„ª„ª„ª„ª„ª„ª„ª„ª„ª„ª„ª„ª\u001b[0m \u001b[32m412.0/412.0 kB\u001b[0m \u001b[31m12.7 MB/s\u001b[0m eta \u001b[36m0:00:00\u001b[0m\r\n"}
,{"stream_name":"stdout","time":23.22190448,"data":"\u001b[?25h=== REMOTE KAGGLE EXECUTION ENVIRONMENT ===\n"}
,{"stream_name":"stdout","time":28.278660322,"data":"JAX Backend: gpu\n"}
,{"stream_name":"stdout","time":28.278719094,"data":"JAX Devices: [CudaDevice(id=0)]\n"}
,{"stream_name":"stdout","time":30.830356397,"data":"[2026-07-29T15:36:46.596235] ===========================================================\n"}
,{"stream_name":"stdout","time":30.830388988,"data":"[2026-07-29T15:36:46.596334]   KAGGLE GPU JAX-ACCELERATED RE-TRAINING \u0026 BENCHMARKING SUITE  \n"}
,{"stream_name":"stdout","time":30.830393783,"data":"[2026-07-29T15:36:46.596343] ===========================================================\n"}
,{"stream_name":"stdout","time":30.830397523,"data":"JAX Backend Accelerator : GPU\n"}
,{"stream_name":"stdout","time":30.830401314,"data":"Available Devices       : [CudaDevice(id=0)]\n"}
,{"stream_name":"stdout","time":30.830405225,"data":"\n"}
,{"stream_name":"stdout","time":30.830409652,"data":"[2026-07-29T15:36:46.671711] Model: 5th-Idea Hierarchical (L=8) | Config: L=8, d_model=256\n"}
,{"stream_name":"stdout","time":36.126851318,"data":"[2026-07-29T15:36:51.893805] Trainable Parameters: 4,259,978\n"}
,{"stream_name":"stdout","time":45.185418528,"data":"[2026-07-29T15:37:00.887323] Starting Accelerated Training (10,000 steps)...\n"}
,{"stream_name":"stderr","time":50.043275236,"data":"Traceback (most recent call last):\n"}
,{"stream_name":"stderr","time":50.043306867,"data":"  File \"\u003cstring\u003e\", line 1, in \u003cmodule\u003e\n"}
,{"stream_name":"stderr","time":50.043313428,"data":"  File \"/usr/local/lib/python3.12/dist-packages/papermill/execute.py\", line 131, in execute_notebook\n"}
,{"stream_name":"stderr","time":50.043442477,"data":"    raise_for_execution_errors(nb, output_path)\n"}
,{"stream_name":"stderr","time":50.043467539,"data":"  File \"/usr/local/lib/python3.12/dist-packages/papermill/execute.py\", line 251, in raise_for_execution_errors\n"}
,{"stream_name":"stderr","time":50.04365901,"data":"    raise error\n"}
,{"stream_name":"stderr","time":50.044157829,"data":"papermill.exceptions.PapermillExecutionError: \n"}
,{"stream_name":"stderr","time":50.044206123,"data":"---------------------------------------------------------------------------\n"}
,{"stream_name":"stderr","time":50.044211398,"data":"Exception encountered at \"In [3]\":\n"}
,{"stream_name":"stderr","time":50.044215118,"data":"---------------------------------------------------------------------------\n"}
,{"stream_name":"stderr","time":50.044246752,"data":"ConcretizationTypeError                   Traceback (most recent call last)\n"}
,{"stream_name":"stderr","time":50.044250636,"data":"/tmp/ipykernel_23/1259865052.py in \u003ccell line: 0\u003e()\n"}
,{"stream_name":"stderr","time":50.04425499,"data":"    131 \n"}
,{"stream_name":"stderr","time":50.044258985,"data":"    132 if __name__ == \"__main__\":\n"}
,{"stream_name":"stderr","time":50.044262836,"data":"--\u003e 133     run_kaggle_verification()\n"}
,{"stream_name":"stderr","time":50.044267221,"data":"    134 \n"}
,{"stream_name":"stderr","time":50.044271037,"data":"\n"}
,{"stream_name":"stderr","time":50.044274885,"data":"/tmp/ipykernel_23/1259865052.py in run_kaggle_verification()\n"}
,{"stream_name":"stderr","time":50.044278693,"data":"    101 \n"}
,{"stream_name":"stderr","time":50.044282066,"data":"    102     for epoch in range(10):  # 10 epochs * 1000 steps = 10,000 steps\n"}
,{"stream_name":"stderr","time":50.044285278,"data":"--\u003e 103         carry, (losses, rewards, dones) = execute_chunk(carry)\n"}
,{"stream_name":"stderr","time":50.044288861,"data":"    104         total_steps += 1000\n"}
,{"stream_name":"stderr","time":50.044292653,"data":"    105         mean_loss = jnp.mean(losses)\n"}
,{"stream_name":"stderr","time":50.044295952,"data":"\n"}
,{"stream_name":"stderr","time":50.044298723,"data":"    [... skipping hidden 13 frame]\n"}
,{"stream_name":"stderr","time":50.044301673,"data":"\n"}
,{"stream_name":"stderr","time":50.044304365,"data":"/tmp/ipykernel_23/1259865052.py in execute_chunk(carry)\n"}
,{"stream_name":"stderr","time":50.044307753,"data":"     85     def execute_chunk(carry):\n"}
,{"stream_name":"stderr","time":50.04431158,"data":"     86         # Run 1000 steps completely compiled in JAX\n"}
,{"stream_name":"stderr","time":50.044315401,"data":"---\u003e 87         return jax.lax.scan(rollout_chunk, carry, None, length=1000)\n"}
,{"stream_name":"stderr","time":50.044318525,"data":"     88 \n"}
,{"stream_name":"stderr","time":50.044321623,"data":"     89     # Initialize environment\n"}
,{"stream_name":"stderr","time":50.04432483,"data":"\n"}
,{"stream_name":"stderr","time":50.044327699,"data":"    [... skipping hidden 23 frame]\n"}
,{"stream_name":"stderr","time":50.044330725,"data":"\n"}
,{"stream_name":"stderr","time":50.044334048,"data":"/tmp/ipykernel_23/1259865052.py in rollout_chunk(carry, _)\n"}
,{"stream_name":"stderr","time":50.04433724,"data":"     69         action = jnp.argmax(dec.action_logits)\n"}
,{"stream_name":"stderr","time":50.04434033,"data":"     70 \n"}
,{"stream_name":"stderr","time":50.044343756,"data":"---\u003e 71         next_o, next_e_st, reward, done, _ = env.step(step_key, e_st, action, a_data)\n"}
,{"stream_name":"stderr","time":50.044347528,"data":"     72 \n"}
,{"stream_name":"stderr","time":50.04435114,"data":"     73         # Simple auto-reset logic for continuous execution\n"}
,{"stream_name":"stderr","time":50.044354813,"data":"\n"}
,{"stream_name":"stderr","time":50.044358539,"data":"/kaggle/working/src/environment/craftax_env_adapter.py in step(self, rng_key, env_state, action_idx, actions_data, step_count, prev_history)\n"}
,{"stream_name":"stderr","time":50.044368336,"data":"     86         info['terminated'] = terminated\n"}
,{"stream_name":"stderr","time":50.044372348,"data":"     87 \n"}
,{"stream_name":"stderr","time":50.044376043,"data":"---\u003e 88         input_n = self._build_input_context(obs_raw, next_env_state, actions_data, step_count=step_count + 1, prev_history=prev_history, action_idx=action_idx, reward=reward)\n"}
,{"stream_name":"stderr","time":50.044381603,"data":"     89         return input_n, next_env_state, reward, done, info\n"}
,{"stream_name":"stderr","time":50.044384948,"data":"     90 \n"}
,{"stream_name":"stderr","time":50.044388187,"data":"\n"}
,{"stream_name":"stderr","time":50.044391624,"data":"/kaggle/working/src/environment/craftax_env_adapter.py in _build_input_context(self, obs_raw, env_state, actions_data, step_count, prev_history, action_idx, reward)\n"}
,{"stream_name":"stderr","time":50.044397003,"data":"    119         if hasattr(env_state, 'player_health'):\n"}
,{"stream_name":"stderr","time":50.044400817,"data":"    120             player_state = jnp.array([\n"}
,{"stream_name":"stderr","time":50.044404207,"data":"--\u003e 121                 float(env_state.player_health),\n"}
,{"stream_name":"stderr","time":50.044408052,"data":"    122                 float(env_state.player_food),\n"}
,{"stream_name":"stderr","time":50.044411669,"data":"    123                 float(env_state.player_drink),\n"}
,{"stream_name":"stderr","time":50.044415543,"data":"\n"}
,{"stream_name":"stderr","time":50.044419021,"data":"    [... skipping hidden 1 frame]\n"}
,{"stream_name":"stderr","time":50.044422674,"data":"\n"}
,{"stream_name":"stderr","time":50.044426426,"data":"/usr/local/lib/python3.12/dist-packages/jax/_src/core.py in error(self, arg)\n"}
,{"stream_name":"stderr","time":50.044430152,"data":"   1810   else:\n"}
,{"stream_name":"stderr","time":50.04443404,"data":"   1811     def error(self, arg):\n"}
,{"stream_name":"stderr","time":50.044437644,"data":"-\u003e 1812       raise ConcretizationTypeError(arg, fname_context)\n"}
,{"stream_name":"stderr","time":50.044441572,"data":"   1813   return error\n"}
,{"stream_name":"stderr","time":50.044445333,"data":"   1814 \n"}
,{"stream_name":"stderr","time":50.044448847,"data":"\n"}
,{"stream_name":"stderr","time":50.044452094,"data":"ConcretizationTypeError: Abstract tracer value encountered where concrete value is expected: traced array with shape int32[]\n"}
,{"stream_name":"stderr","time":50.04445577,"data":"The problem arose with the `float` function. If trying to convert the data type of a value, try using `x.astype(float)` or `jnp.array(x, float)` instead.\n"}
,{"stream_name":"stderr","time":50.044568661,"data":"The error occurred while tracing the function rollout_chunk at /tmp/ipykernel_23/1259865052.py:60 for jit. This concrete value was not available in Python because it depends on the values of the arguments carry[0].encoder_params.w_actions, carry[0].encoder_params.w_costs, carry[0].encoder_params.w_state, carry[0].encoder_params.w_history, carry[0].encoder_params.w_target, carry[0].encoder_params.w_abstraction, carry[0].encoder_params.channel_pos_embed, carry[0].layers[0].w_q, carry[0].layers[0].w_k, carry[0].layers[0].w_v, carry[0].layers[0].w_o, carry[0].layers[0].w_ff1, carry[0].layers[0].b_ff1, carry[0].layers[0].w_ff2, carry[0].layers[0].b_ff2, carry[0].layers[0].gamma1, carry[0].layers[0].beta1, carry[0].layers[0].gamma2, carry[0].layers[0].beta2, carry[0].layers[1].w_q, carry[0].layers[1].w_k, carry[0].layers[1].w_v, carry[0].layers[1].w_o, carry[0].layers[1].w_ff1, carry[0].layers[1].b_ff1, carry[0].layers[1].w_ff2, carry[0].layers[1].b_ff2, carry[0].layers[1].gamma1, carry[0].layers[1].beta1, carry[0].layers[1].gamma2, carry[0].layers[1].beta2, carry[0].layers[2].w_q, carry[0].layers[2].w_k, carry[0].layers[2].w_v, carry[0].layers[2].w_o, carry[0].layers[2].w_ff1, carry[0].layers[2].b_ff1, carry[0].layers[2].w_ff2, carry[0].layers[2].b_ff2, carry[0].layers[2].gamma1, carry[0].layers[2].beta1, carry[0].layers[2].gamma2, carry[0].layers[2].beta2, carry[0].layers[3].w_q, carry[0].layers[3].w_k, carry[0].layers[3].w_v, carry[0].layers[3].w_o, carry[0].layers[3].w_ff1, carry[0].layers[3].b_ff1, carry[0].layers[3].w_ff2, carry[0].layers[3].b_ff2, carry[0].layers[3].gamma1, carry[0].layers[3].beta1, carry[0].layers[3].gamma2, carry[0].layers[3].beta2, carry[0].layers[4].w_q, carry[0].layers[4].w_k, carry[0].layers[4].w_v, carry[0].layers[4].w_o, carry[0].layers[4].w_ff1, carry[0].layers[4].b_ff1, carry[0].layers[4].w_ff2, carry[0].layers[4].b_ff2, carry[0].layers[4].gamma1, carry[0].layers[4].beta1, carry[0].layers[4].gamma2, carry[0].layers[4].beta2, carry[0].layers[5].w_q, carry[0].layers[5].w_k, carry[0].layers[5].w_v, carry[0].layers[5].w_o, carry[0].layers[5].w_ff1, carry[0].layers[5].b_ff1, carry[0].layers[5].w_ff2, carry[0].layers[5].b_ff2, carry[0].layers[5].gamma1, carry[0].layers[5].beta1, carry[0].layers[5].gamma2, carry[0].layers[5].beta2, carry[0].layers[6].w_q, carry[0].layers[6].w_k, carry[0].layers[6].w_v, carry[0].layers[6].w_o, carry[0].layers[6].w_ff1, carry[0].layers[6].b_ff1, carry[0].layers[6].w_ff2, carry[0].layers[6].b_ff2, carry[0].layers[6].gamma1, carry[0].layers[6].beta1, carry[0].layers[6].gamma2, carry[0].layers[6].beta2, carry[0].layers[7].w_q, carry[0].layers[7].w_k, carry[0].layers[7].w_v, carry[0].layers[7].w_o, carry[0].layers[7].w_ff1, carry[0].layers[7].b_ff1, carry[0].layers[7].w_ff2, carry[0].layers[7].b_ff2, carry[0].layers[7].gamma1, carry[0].layers[7].beta1, carry[0].layers[7].gamma2, carry[0].layers[7].beta2, carry[0].heads.w_action_flat, carry[0].heads.b_action_flat, carry[0].heads.w_macro_cluster, carry[0].heads.b_macro_cluster, carry[0].heads.w_micro_action, carry[0].heads.b_micro_action, carry[0].heads.w_q_value, carry[0].heads.b_q_value, carry[0].heads.w_cost, carry[0].heads.b_cost, carry[0].heads.w_next_state, carry[0].heads.b_next_state, carry[0].heads.w_progress, carry[0].heads.b_progress, carry[0].heads.w_validity, carry[0].heads.b_validity, carry[1][0].count, carry[1][0].mu.encoder_params.w_actions, carry[1][0].mu.encoder_params.w_costs, carry[1][0].mu.encoder_params.w_state, carry[1][0].mu.encoder_params.w_history, carry[1][0].mu.encoder_params.w_target, carry[1][0].mu.encoder_params.w_abstraction, carry[1][0].mu.encoder_params.channel_pos_embed, carry[1][0].mu.layers[0].w_q, carry[1][0].mu.layers[0].w_k, carry[1][0].mu.layers[0].w_v, carry[1][0].mu.layers[0].w_o, carry[1][0].mu.layers[0].w_ff1, carry[1][0].mu.layers[0].b_ff1, carry[1][0].mu.layers[0].w_ff2, carry[1][0].mu.layers[0].b_ff2, carry[1][0].mu.layers[0].gamma1, carry[1][0].mu.layers[0].beta1, carry[1][0].mu.layers[0].gamma2, carry[1][0].mu.layers[0].beta2, carry[1][0].mu.layers[1].w_q, carry[1][0].mu.layers[1].w_k, carry[1][0].mu.layers[1].w_v, carry[1][0].mu.layers[1].w_o, carry[1][0].mu.layers[1].w_ff1, carry[1][0].mu.layers[1].b_ff1, carry[1][0].mu.layers[1].w_ff2, carry[1][0].mu.layers[1].b_ff2, carry[1][0].mu.layers[1].gamma1, carry[1][0].mu.layers[1].beta1, carry[1][0].mu.layers[1].gamma2, carry[1][0].mu.layers[1].beta2, carry[1][0].mu.layers[2].w_q, carry[1][0].mu.layers[2].w_k, carry[1][0].mu.layers[2].w_v, carry[1][0].mu.layers[2].w_o, carry[1][0].mu.layers[2].w_ff1, carry[1][0].mu.layers[2].b_ff1, carry[1][0].mu.layers[2].w_ff2, carry[1][0].mu.layers[2].b_ff2, carry[1][0].mu.layers[2].gamma1, carry[1][0].mu.layers[2].beta1, carry[1][0].mu.layers[2].gamma2, carry[1][0].mu.layers[2].beta2, carry[1][0].mu.layers[3].w_q, carry[1][0].mu.layers[3].w_k, carry[1][0].mu.layers[3].w_v, carry[1][0].mu.layers[3].w_o, carry[1][0].mu.layers[3].w_ff1, carry[1][0].mu.layers[3].b_ff1, carry[1][0].mu.layers[3].w_ff2, carry[1][0].mu.layers[3].b_ff2, carry[1][0].mu.layers[3].gamma1, carry[1][0].mu.layers[3].beta1, carry[1][0].mu.layers[3].gamma2, carry[1][0].mu.layers[3].beta2, carry[1][0].mu.layers[4].w_q, carry[1][0].mu.layers[4].w_k, carry[1][0].mu.layers[4].w_v, carry[1][0].mu.layers[4].w_o, carry[1][0].mu.layers[4].w_ff1, carry[1][0].mu.layers[4].b_ff1, carry[1][0].mu.layers[4].w_ff2, carry[1][0].mu.layers[4].b_ff2, carry[1][0].mu.layers[4].gamma1, carry[1][0].mu.layers[4].beta1, carry[1][0].mu.layers[4].gamma2, carry[1][0].mu.layers[4].beta2, carry[1][0].mu.layers[5].w_q, carry[1][0].mu.layers[5].w_k, carry[1][0].mu.layers[5].w_v, carry[1][0].mu.layers[5].w_o, carry[1][0].mu.layers[5].w_ff1, carry[1][0].mu.layers[5].b_ff1, carry[1][0].mu.layers[5].w_ff2, carry[1][0].mu.layers[5].b_ff2, carry[1][0].mu.layers[5].gamma1, carry[1][0].mu.layers[5].beta1, carry[1][0].mu.layers[5].gamma2, carry[1][0].mu.layers[5].beta2, carry[1][0].mu.layers[6].w_q, carry[1][0].mu.layers[6].w_k, carry[1][0].mu.layers[6].w_v, carry[1][0].mu.layers[6].w_o, carry[1][0].mu.layers[6].w_ff1, carry[1][0].mu.layers[6].b_ff1, carry[1][0].mu.layers[6].w_ff2, carry[1][0].mu.layers[6].b_ff2, carry[1][0].mu.layers[6].gamma1, carry[1][0].mu.layers[6].beta1, carry[1][0].mu.layers[6].gamma2, carry[1][0].mu.layers[6].beta2, carry[1][0].mu.layers[7].w_q, carry[1][0].mu.layers[7].w_k, carry[1][0].mu.layers[7].w_v, carry[1][0].mu.layers[7].w_o, carry[1][0].mu.layers[7].w_ff1, carry[1][0].mu.layers[7].b_ff1, carry[1][0].mu.layers[7].w_ff2, carry[1][0].mu.layers[7].b_ff2, carry[1][0].mu.layers[7].gamma1, carry[1][0].mu.layers[7].beta1, carry[1][0].mu.layers[7].gamma2, carry[1][0].mu.layers[7].beta2, carry[1][0].mu.heads.w_action_flat, carry[1][0].mu.heads.b_action_flat, carry[1][0].mu.heads.w_macro_cluster, carry[1][0].mu.heads.b_macro_cluster, carry[1][0].mu.heads.w_micro_action, carry[1][0].mu.heads.b_micro_action, carry[1][0].mu.heads.w_q_value, carry[1][0].mu.heads.b_q_value, carry[1][0].mu.heads.w_cost, carry[1][0].mu.heads.b_cost, carry[1][0].mu.heads.w_next_state, carry[1][0].mu.heads.b_next_state, carry[1][0].mu.heads.w_progress, carry[1][0].mu.heads.b_progress, carry[1][0].mu.heads.w_validity, carry[1][0].mu.heads.b_validity, carry[1][0].nu.encoder_params.w_actions, carry[1][0].nu.encoder_params.w_costs, carry[1][0].nu.encoder_params.w_state, carry[1][0].nu.encoder_params.w_history, carry[1][0].nu.encoder_params.w_target, carry[1][0].nu.encoder_params.w_abstraction, carry[1][0].nu.encoder_params.channel_pos_embed, carry[1][0].nu.layers[0].w_q, carry[1][0].nu.layers[0].w_k, carry[1][0].nu.layers[0].w_v, carry[1][0].nu.layers[0].w_o, carry[1][0].nu.layers[0].w_ff1, carry[1][0].nu.layers[0].b_ff1, carry[1][0].nu.layers[0].w_ff2, carry[1][0].nu.layers[0].b_ff2, carry[1][0].nu.layers[0].gamma1, carry[1][0].nu.layers[0].beta1, carry[1][0].nu.layers[0].gamma2, carry[1][0].nu.layers[0].beta2, carry[1][0].nu.layers[1].w_q, carry[1][0].nu.layers[1].w_k, carry[1][0].nu.layers[1].w_v, carry[1][0].nu.layers[1].w_o, carry[1][0].nu.layers[1].w_ff1, carry[1][0].nu.layers[1].b_ff1, carry[1][0].nu.layers[1].w_ff2, carry[1][0].nu.layers[1].b_ff2, carry[1][0].nu.layers[1].gamma1, carry[1][0].nu.layers[1].beta1, carry[1][0].nu.layers[1].gamma2, carry[1][0].nu.layers[1].beta2, carry[1][0].nu.layers[2].w_q, carry[1][0].nu.layers[2].w_k, carry[1][0].nu.layers[2].w_v, carry[1][0].nu.layers[2].w_o, carry[1][0].nu.layers[2].w_ff1, carry[1][0].nu.layers[2].b_ff1, carry[1][0].nu.layers[2].w_ff2, carry[1][0].nu.layers[2].b_ff2, carry[1][0].nu.layers[2].gamma1, carry[1][0].nu.layers[2].beta1, carry[1][0].nu.layers[2].gamma2, carry[1][0].nu.layers[2].beta2, carry[1][0].nu.layers[3].w_q, carry[1][0].nu.layers[3].w_k, carry[1][0].nu.layers[3].w_v, carry[1][0].nu.layers[3].w_o, carry[1][0].nu.layers[3].w_ff1, carry[1][0].nu.layers[3].b_ff1, carry[1][0].nu.layers[3].w_ff2, carry[1][0].nu.layers[3].b_ff2, carry[1][0].nu.layers[3].gamma1, carry[1][0].nu.layers[3].beta1, carry[1][0].nu.layers[3].gamma2, carry[1][0].nu.layers[3].beta2, carry[1][0].nu.layers[4].w_q, carry[1][0].nu.layers[4].w_k, carry[1][0].nu.layers[4].w_v, carry[1][0].nu.layers[4].w_o, carry[1][0].nu.layers[4].w_ff1, carry[1][0].nu.layers[4].b_ff1, carry[1][0].nu.layers[4].w_ff2, carry[1][0].nu.layers[4].b_ff2, carry[1][0].nu.layers[4].gamma1, carry[1][0].nu.layers[4].beta1, carry[1][0].nu.layers[4].gamma2, carry[1][0].nu.layers[4].beta2, carry[1][0].nu.layers[5].w_q, carry[1][0].nu.layers[5].w_k, carry[1][0].nu.layers[5].w_v, carry[1][0].nu.layers[5].w_o, carry[1][0].nu.layers[5].w_ff1, carry[1][0].nu.layers[5].b_ff1, carry[1][0].nu.layers[5].w_ff2, carry[1][0].nu.layers[5].b_ff2, carry[1][0].nu.layers[5].gamma1, carry[1][0].nu.layers[5].beta1, carry[1][0].nu.layers[5].gamma2, carry[1][0].nu.layers[5].beta2, carry[1][0].nu.layers[6].w_q, carry[1][0].nu.layers[6].w_k, carry[1][0].nu.layers[6].w_v, carry[1][0].nu.layers[6].w_o, carry[1][0].nu.layers[6].w_ff1, carry[1][0].nu.layers[6].b_ff1, carry[1][0].nu.layers[6].w_ff2, carry[1][0].nu.layers[6].b_ff2, carry[1][0].nu.layers[6].gamma1, carry[1][0].nu.layers[6].beta1, carry[1][0].nu.layers[6].gamma2, carry[1][0].nu.layers[6].beta2, carry[1][0].nu.layers[7].w_q, carry[1][0].nu.layers[7].w_k, carry[1][0].nu.layers[7].w_v, carry[1][0].nu.layers[7].w_o, carry[1][0].nu.layers[7].w_ff1, carry[1][0].nu.layers[7].b_ff1, carry[1][0].nu.layers[7].w_ff2, carry[1][0].nu.layers[7].b_ff2, carry[1][0].nu.layers[7].gamma1, carry[1][0].nu.layers[7].beta1, carry[1][0].nu.layers[7].gamma2, carry[1][0].nu.layers[7].beta2, carry[1][0].nu.heads.w_action_flat, carry[1][0].nu.heads.b_action_flat, carry[1][0].nu.heads.w_macro_cluster, carry[1][0].nu.heads.b_macro_cluster, carry[1][0].nu.heads.w_micro_action, carry[1][0].nu.heads.b_micro_action, carry[1][0].nu.heads.w_q_value, carry[1][0].nu.heads.b_q_value, carry[1][0].nu.heads.w_cost, carry[1][0].nu.heads.b_cost, carry[1][0].nu.heads.w_next_state, carry[1][0].nu.heads.b_next_state, carry[1][0].nu.heads.w_progress, carry[1][0].nu.heads.b_progress, carry[1][0].nu.heads.w_validity, carry[1][0].nu.heads.b_validity, carry[2].actions.features, carry[2].actions.costs, carry[2].actions.preconditions, carry[2].actions.valid_mask, carry[2].actions.abstraction_scales, carry[2].state.resource_levels, carry[2].state.available_costs, carry[2].state.status_flags, carry[2].state.progress_rate, carry[2].history.action_indices, carry[2].history.rewards, carry[2].history.cost_changes, carry[2].history.noise_mask, carry[2].history.seq_len, carry[2].target.target_state, carry[2].target.conditions, carry[2].target.deadline_step, carry[3].map, carry[3].mob_map, carry[3].player_position, carry[3].player_direction, carry[3].player_health, carry[3].player_food, carry[3].player_drink, carry[3].player_energy, carry[3].is_sleeping, carry[3].player_recover, carry[3].player_hunger, carry[3].player_thirst, carry[3].player_fatigue, carry[3].inventory.wood, carry[3].inventory.stone, carry[3].inventory.coal, carry[3].inventory.iron, carry[3].inventory.diamond, carry[3].inventory.sapling, carry[3].inventory.wood_pickaxe, carry[3].inventory.stone_pickaxe, carry[3].inventory.iron_pickaxe, carry[3].inventory.wood_sword, carry[3].inventory.stone_sword, carry[3].inventory.iron_sword, carry[3].zombies.position, carry[3].zombies.health, carry[3].zombies.mask, carry[3].zombies.attack_cooldown, carry[3].cows.position, carry[3].cows.health, carry[3].cows.mask, carry[3].cows.attack_cooldown, carry[3].skeletons.position, carry[3].skeletons.health, carry[3].skeletons.mask, carry[3].skeletons.attack_cooldown, carry[3].arrows.position, carry[3].arrows.health, carry[3].arrows.mask, carry[3].arrows.attack_cooldown, carry[3].arrow_directions, carry[3].growing_plants_positions, carry[3].growing_plants_age, carry[3].growing_plants_mask, carry[3].light_level, carry[3].achievements, carry[3].state_rng, carry[3].timestep, and carry[5].\n"}
,{"stream_name":"stderr","time":50.044631786,"data":"\n"}
,{"stream_name":"stderr","time":50.04463927,"data":"See https://docs.jax.dev/en/latest/errors.html#jax.errors.ConcretizationTypeError\n"}
,{"stream_name":"stderr","time":50.04464306,"data":"\n"}
,{"stream_name":"stderr","time":52.511770965,"data":"/usr/local/lib/python3.12/dist-packages/mistune.py:435: SyntaxWarning: invalid escape sequence '\\|'\n"}
,{"stream_name":"stderr","time":52.511846153,"data":"  cells[i][c] = re.sub('\\\\\\\\\\|', '|', cell)\n"}
,{"stream_name":"stderr","time":52.698887053,"data":"/usr/local/lib/python3.12/dist-packages/nbconvert/filters/filter_links.py:36: SyntaxWarning: invalid escape sequence '\\_'\n"}
,{"stream_name":"stderr","time":52.698936859,"data":"  text = re.sub(r'_', '\\_', text) # Escape underscores in display text\n"}
,{"stream_name":"stderr","time":53.369212018,"data":"[NbConvertApp] Converting notebook __notebook__.ipynb to notebook\n"}
,{"stream_name":"stderr","time":53.684896793,"data":"[NbConvertApp] Writing 235169 bytes to __notebook__.ipynb\n"}
,{"stream_name":"stderr","time":56.137339299,"data":"[NbConvertApp] Converting notebook __notebook__.ipynb to html\n"}
,{"stream_name":"stderr","time":57.040844393,"data":"[NbConvertApp] Writing 527861 bytes to __results__.html\n"}
]