[{"stream_name":"stderr","time":10.353464079,"data":"/usr/local/lib/python3.12/dist-packages/nbformat/__init__.py:96: MissingIDFieldWarning: Cell is missing an id field, this will become a hard error in future nbformat versions. You may want to use `normalize()` on your notebooks before validations (available since nbformat 5.1.4). Previous versions of nbformat are fixing this issue transparently, and will stop doing so in the future.\n"}
,{"stream_name":"stderr","time":10.353551227,"data":"  validate(nb)\n"}
,{"stream_name":"stderr","time":11.747618169999999,"data":"0.00s - Debugger warning: It seems that frozen modules are being used, which may\n"}
,{"stream_name":"stderr","time":11.747650787,"data":"0.00s - make the debugger miss breakpoints. Please pass -Xfrozen_modules=off\n"}
,{"stream_name":"stderr","time":11.74765487,"data":"0.00s - to python to disable frozen modules.\n"}
,{"stream_name":"stderr","time":11.747657411,"data":"0.00s - Note: Debugging will proceed. Set PYDEVD_DISABLE_FILE_VALIDATION=1 to disable this validation.\n"}
,{"stream_name":"stderr","time":12.533287461,"data":"0.00s - Debugger warning: It seems that frozen modules are being used, which may\n"}
,{"stream_name":"stderr","time":12.533321686,"data":"0.00s - make the debugger miss breakpoints. Please pass -Xfrozen_modules=off\n"}
,{"stream_name":"stderr","time":12.53332535,"data":"0.00s - to python to disable frozen modules.\n"}
,{"stream_name":"stderr","time":12.533327925,"data":"0.00s - Note: Debugging will proceed. Set PYDEVD_DISABLE_FILE_VALIDATION=1 to disable this validation.\n"}
,{"stream_name":"stdout","time":21.418804404,"data":"   ━━━━━━━━━━━━━━━━━━━━━━━━━━━━━━━━━━━━━━━━ 412.0/412.0 kB 7.3 MB/s eta 0:00:00\n"}
,{"stream_name":"stdout","time":21.418886803,"data":"\n"}
,{"stream_name":"stdout","time":33.499481586,"data":"craftax import OK: \u003cclass 'craftax.craftax_classic.envs.craftax_symbolic_env.CraftaxClassicSymbolicEnv'\u003e\n"}
,{"stream_name":"stdout","time":33.499525073,"data":"JAX Backend: gpu\n"}
,{"stream_name":"stdout","time":33.499552633,"data":"JAX Devices: [CudaDevice(id=0), CudaDevice(id=1)]\n"}
,{"stream_name":"stdout","time":33.499558771,"data":"JAX version: 0.7.2\n"}
,{"stream_name":"stdout","time":33.659729213,"data":"Config written: {'candidates': ['transformer_branch', 'variant_5_1', 'mdp_branch'], 'train_episodes': 15, 'eval_episodes': 5, 'max_steps_per_ep': 15, 'd_model': 32, 'checkpoint_every': 20, 'seed': 2026}\n"}
,{"stream_name":"stdout","time":33.700589672,"data":"[2026-09-25T09:42:31.175246] JAX Backend : GPU\n"}
,{"stream_name":"stdout","time":33.700619134,"data":"[2026-09-25T09:42:31.175405] Devices     : [CudaDevice(id=0), CudaDevice(id=1)]\n"}
,{"stream_name":"stdout","time":33.862618344,"data":"\n"}
,{"stream_name":"stdout","time":33.862663411,"data":"============================================================\n"}
,{"stream_name":"stdout","time":33.862668453,"data":"  DPOD Candidate Smoke-Verification Run\n"}
,{"stream_name":"stdout","time":33.862671657,"data":"  candidates=['transformer_branch', 'variant_5_1', 'mdp_branch']\n"}
,{"stream_name":"stdout","time":33.862674758,"data":"  train_episodes=15, eval_episodes=5, max_steps_per_ep=15\n"}
,{"stream_name":"stdout","time":33.862677869,"data":"  d_model=32, checkpoint_every=20, seed=2026\n"}
,{"stream_name":"stdout","time":33.862681,"data":"============================================================\n"}
,{"stream_name":"stdout","time":33.86268428,"data":"\n"}
,{"stream_name":"stdout","time":37.210365038,"data":"Training candidate 'transformer_branch' (15 episodes)...\n"}
,{"stream_name":"stdout","time":114.39139029,"data":"  [transformer_branch] Completed 3 / 15 training episodes.\n"}
,{"stream_name":"stdout","time":133.884954122,"data":"  [transformer_branch] Completed 6 / 15 training episodes.\n"}
,{"stream_name":"stdout","time":153.820217148,"data":"  [transformer_branch] Completed 9 / 15 training episodes.\n"}
,{"stream_name":"stdout","time":173.655457174,"data":"  [transformer_branch] Completed 12 / 15 training episodes.\n"}
,{"stream_name":"stdout","time":193.768161407,"data":"  [transformer_branch] Completed 15 / 15 training episodes.\n"}
,{"stream_name":"stdout","time":193.768200192,"data":"Evaluating candidate 'transformer_branch' (5 episodes)...\n"}
,{"stream_name":"stdout","time":208.086374963,"data":"Training candidate 'variant_5_1' (15 episodes)...\n"}
,{"stream_name":"stdout","time":283.433583938,"data":"  [variant_5_1] Completed 3 / 15 training episodes.\n"}
,{"stream_name":"stdout","time":355.883395775,"data":"  [variant_5_1] Completed 6 / 15 training episodes.\n"}
,{"stream_name":"stdout","time":428.942220012,"data":"  [variant_5_1] Completed 9 / 15 training episodes.\n"}
,{"stream_name":"stdout","time":503.631239084,"data":"  [variant_5_1] Completed 12 / 15 training episodes.\n"}
,{"stream_name":"stdout","time":580.536804324,"data":"  [variant_5_1] Completed 15 / 15 training episodes.\n"}
,{"stream_name":"stdout","time":580.536852445,"data":"Evaluating candidate 'variant_5_1' (5 episodes)...\n"}
,{"stream_name":"stdout","time":634.057433461,"data":"Training candidate 'mdp_branch' (15 episodes)...\n"}
,{"stream_name":"stdout","time":689.986816121,"data":"  [mdp_branch] Completed 3 / 15 training episodes.\n"}
,{"stream_name":"stdout","time":735.337967958,"data":"  [mdp_branch] Completed 6 / 15 training episodes.\n"}
,{"stream_name":"stdout","time":781.329378598,"data":"  [mdp_branch] Completed 9 / 15 training episodes.\n"}
,{"stream_name":"stdout","time":828.461644359,"data":"  [mdp_branch] Completed 12 / 15 training episodes.\n"}
,{"stream_name":"stdout","time":874.179521756,"data":"  [mdp_branch] Completed 15 / 15 training episodes.\n"}
,{"stream_name":"stdout","time":874.179558098,"data":"Evaluating candidate 'mdp_branch' (5 episodes)...\n"}
,{"stream_name":"stdout","time":910.318332948,"data":"Candidate benchmark dataset saved to: output/candidate_smoke_results.json\n"}
,{"stream_name":"stdout","time":912.49850304,"data":"\n"}
,{"stream_name":"stdout","time":912.498533276,"data":"============================================================\n"}
,{"stream_name":"stdout","time":912.4985375,"data":"  SMOKE-VERIFY RESULTS\n"}
,{"stream_name":"stdout","time":912.498541093,"data":"============================================================\n"}
,{"stream_name":"stdout","time":912.498559526,"data":"  [transformer_branch] crafter_score=0.0000 avg_unlocked=0.00 avg_steps=15.0 ms/step=24.330\n"}
,{"stream_name":"stdout","time":912.498565541,"data":"  [variant_5_1] crafter_score=0.0000 avg_unlocked=0.00 avg_steps=15.0 ms/step=475.927\n"}
,{"stream_name":"stdout","time":912.498570868,"data":"  [mdp_branch] crafter_score=0.0000 avg_unlocked=0.00 avg_steps=15.0 ms/step=298.311\n"}
,{"stream_name":"stdout","time":912.498576699,"data":"============================================================\n"}
,{"stream_name":"stdout","time":912.498581563,"data":"\n"}
,{"stream_name":"stdout","time":912.498585769,"data":"[2026-09-25T09:57:09.991268] Candidate smoke-verification run complete.\n"}
,{"stream_name":"stderr","time":918.253103109,"data":"/usr/local/lib/python3.12/dist-packages/mistune.py:435: SyntaxWarning: invalid escape sequence '\\|'\n"}
,{"stream_name":"stderr","time":918.253153095,"data":"  cells[i][c] = re.sub('\\\\\\\\\\|', '|', cell)\n"}
,{"stream_name":"stderr","time":918.472563984,"data":"/usr/local/lib/python3.12/dist-packages/nbconvert/filters/filter_links.py:36: SyntaxWarning: invalid escape sequence '\\_'\n"}
,{"stream_name":"stderr","time":918.472590181,"data":"  text = re.sub(r'_', '\\_', text) # Escape underscores in display text\n"}
,{"stream_name":"stderr","time":919.187040624,"data":"[NbConvertApp] Converting notebook __notebook__.ipynb to notebook\n"}
,{"stream_name":"stderr","time":919.488527228,"data":"[NbConvertApp] Writing 333569 bytes to __notebook__.ipynb\n"}
,{"stream_name":"stderr","time":921.958666694,"data":"[NbConvertApp] Converting notebook __notebook__.ipynb to html\n"}
,{"stream_name":"stderr","time":922.832221775,"data":"[NbConvertApp] Writing 641088 bytes to __results__.html\n"}
]